// Vitest Snapshot v1, https://vitest.dev/guide/snapshot.html

exports[`DuckDBAsyncDatasource e2e > query > should return expected data 1`] = `
[
  {
    "createdAt": "2025-01-01 12:30:00.123456+01",
    "name": "test",
    "productId": 10,
  },
  {
    "createdAt": "2025-01-01 12:30:00.123456+01",
    "name": "test",
    "productId": 11,
  },
  {
    "createdAt": "2025-01-01 12:30:00.123456+01",
    "name": "test",
    "productId": 12,
  },
  {
    "createdAt": "2025-01-01 12:30:00.123456+01",
    "name": "test",
    "productId": 13,
  },
  {
    "createdAt": "2025-01-01 12:30:00.123456+01",
    "name": "test",
    "productId": 14,
  },
  {
    "createdAt": "2025-01-01 12:30:00.123456+01",
    "name": "test",
    "productId": 15,
  },
  {
    "createdAt": "2025-01-01 12:30:00.123456+01",
    "name": "test",
    "productId": 16,
  },
  {
    "createdAt": "2025-01-01 12:30:00.123456+01",
    "name": "test",
    "productId": 17,
  },
  {
    "createdAt": "2025-01-01 12:30:00.123456+01",
    "name": "test",
    "productId": 18,
  },
  {
    "createdAt": "2025-01-01 12:30:00.123456+01",
    "name": "test",
    "productId": 19,
  },
  {
    "createdAt": "2025-01-01 12:30:00.123456+01",
    "name": "test",
    "productId": 20,
  },
  {
    "createdAt": "2025-01-01 12:30:00.123456+01",
    "name": "test",
    "productId": 21,
  },
  {
    "createdAt": "2025-01-01 12:30:00.123456+01",
    "name": "test",
    "productId": 22,
  },
  {
    "createdAt": "2025-01-01 12:30:00.123456+01",
    "name": "test",
    "productId": 23,
  },
  {
    "createdAt": "2025-01-01 12:30:00.123456+01",
    "name": "test",
    "productId": 24,
  },
  {
    "createdAt": "2025-01-01 12:30:00.123456+01",
    "name": "test",
    "productId": 25,
  },
  {
    "createdAt": "2025-01-01 12:30:00.123456+01",
    "name": "test",
    "productId": 26,
  },
  {
    "createdAt": "2025-01-01 12:30:00.123456+01",
    "name": "test",
    "productId": 27,
  },
  {
    "createdAt": "2025-01-01 12:30:00.123456+01",
    "name": "test",
    "productId": 28,
  },
  {
    "createdAt": "2025-01-01 12:30:00.123456+01",
    "name": "test",
    "productId": 29,
  },
  {
    "createdAt": "2025-01-01 12:30:00.123456+01",
    "name": "test",
    "productId": 30,
  },
  {
    "createdAt": "2025-01-01 12:30:00.123456+01",
    "name": "test",
    "productId": 31,
  },
  {
    "createdAt": "2025-01-01 12:30:00.123456+01",
    "name": "test",
    "productId": 32,
  },
  {
    "createdAt": "2025-01-01 12:30:00.123456+01",
    "name": "test",
    "productId": 33,
  },
  {
    "createdAt": "2025-01-01 12:30:00.123456+01",
    "name": "test",
    "productId": 34,
  },
  {
    "createdAt": "2025-01-01 12:30:00.123456+01",
    "name": "test",
    "productId": 35,
  },
  {
    "createdAt": "2025-01-01 12:30:00.123456+01",
    "name": "test",
    "productId": 36,
  },
  {
    "createdAt": "2025-01-01 12:30:00.123456+01",
    "name": "test",
    "productId": 37,
  },
  {
    "createdAt": "2025-01-01 12:30:00.123456+01",
    "name": "test",
    "productId": 38,
  },
  {
    "createdAt": "2025-01-01 12:30:00.123456+01",
    "name": "test",
    "productId": 39,
  },
  {
    "createdAt": "2025-01-01 12:30:00.123456+01",
    "name": "test",
    "productId": 40,
  },
  {
    "createdAt": "2025-01-01 12:30:00.123456+01",
    "name": "test",
    "productId": 41,
  },
  {
    "createdAt": "2025-01-01 12:30:00.123456+01",
    "name": "test",
    "productId": 42,
  },
  {
    "createdAt": "2025-01-01 12:30:00.123456+01",
    "name": "test",
    "productId": 43,
  },
  {
    "createdAt": "2025-01-01 12:30:00.123456+01",
    "name": "test",
    "productId": 44,
  },
  {
    "createdAt": "2025-01-01 12:30:00.123456+01",
    "name": "test",
    "productId": 45,
  },
  {
    "createdAt": "2025-01-01 12:30:00.123456+01",
    "name": "test",
    "productId": 46,
  },
  {
    "createdAt": "2025-01-01 12:30:00.123456+01",
    "name": "test",
    "productId": 47,
  },
  {
    "createdAt": "2025-01-01 12:30:00.123456+01",
    "name": "test",
    "productId": 48,
  },
  {
    "createdAt": "2025-01-01 12:30:00.123456+01",
    "name": "test",
    "productId": 49,
  },
  {
    "createdAt": "2025-01-01 12:30:00.123456+01",
    "name": "test",
    "productId": 50,
  },
  {
    "createdAt": "2025-01-01 12:30:00.123456+01",
    "name": "test",
    "productId": 51,
  },
  {
    "createdAt": "2025-01-01 12:30:00.123456+01",
    "name": "test",
    "productId": 52,
  },
  {
    "createdAt": "2025-01-01 12:30:00.123456+01",
    "name": "test",
    "productId": 53,
  },
  {
    "createdAt": "2025-01-01 12:30:00.123456+01",
    "name": "test",
    "productId": 54,
  },
  {
    "createdAt": "2025-01-01 12:30:00.123456+01",
    "name": "test",
    "productId": 55,
  },
  {
    "createdAt": "2025-01-01 12:30:00.123456+01",
    "name": "test",
    "productId": 56,
  },
  {
    "createdAt": "2025-01-01 12:30:00.123456+01",
    "name": "test",
    "productId": 57,
  },
  {
    "createdAt": "2025-01-01 12:30:00.123456+01",
    "name": "test",
    "productId": 58,
  },
  {
    "createdAt": "2025-01-01 12:30:00.123456+01",
    "name": "test",
    "productId": 59,
  },
  {
    "createdAt": "2025-01-01 12:30:00.123456+01",
    "name": "test",
    "productId": 60,
  },
  {
    "createdAt": "2025-01-01 12:30:00.123456+01",
    "name": "test",
    "productId": 61,
  },
  {
    "createdAt": "2025-01-01 12:30:00.123456+01",
    "name": "test",
    "productId": 62,
  },
  {
    "createdAt": "2025-01-01 12:30:00.123456+01",
    "name": "test",
    "productId": 63,
  },
  {
    "createdAt": "2025-01-01 12:30:00.123456+01",
    "name": "test",
    "productId": 64,
  },
  {
    "createdAt": "2025-01-01 12:30:00.123456+01",
    "name": "test",
    "productId": 65,
  },
  {
    "createdAt": "2025-01-01 12:30:00.123456+01",
    "name": "test",
    "productId": 66,
  },
  {
    "createdAt": "2025-01-01 12:30:00.123456+01",
    "name": "test",
    "productId": 67,
  },
  {
    "createdAt": "2025-01-01 12:30:00.123456+01",
    "name": "test",
    "productId": 68,
  },
  {
    "createdAt": "2025-01-01 12:30:00.123456+01",
    "name": "test",
    "productId": 69,
  },
  {
    "createdAt": "2025-01-01 12:30:00.123456+01",
    "name": "test",
    "productId": 70,
  },
  {
    "createdAt": "2025-01-01 12:30:00.123456+01",
    "name": "test",
    "productId": 71,
  },
  {
    "createdAt": "2025-01-01 12:30:00.123456+01",
    "name": "test",
    "productId": 72,
  },
  {
    "createdAt": "2025-01-01 12:30:00.123456+01",
    "name": "test",
    "productId": 73,
  },
  {
    "createdAt": "2025-01-01 12:30:00.123456+01",
    "name": "test",
    "productId": 74,
  },
  {
    "createdAt": "2025-01-01 12:30:00.123456+01",
    "name": "test",
    "productId": 75,
  },
  {
    "createdAt": "2025-01-01 12:30:00.123456+01",
    "name": "test",
    "productId": 76,
  },
  {
    "createdAt": "2025-01-01 12:30:00.123456+01",
    "name": "test",
    "productId": 77,
  },
  {
    "createdAt": "2025-01-01 12:30:00.123456+01",
    "name": "test",
    "productId": 78,
  },
  {
    "createdAt": "2025-01-01 12:30:00.123456+01",
    "name": "test",
    "productId": 79,
  },
  {
    "createdAt": "2025-01-01 12:30:00.123456+01",
    "name": "test",
    "productId": 80,
  },
  {
    "createdAt": "2025-01-01 12:30:00.123456+01",
    "name": "test",
    "productId": 81,
  },
  {
    "createdAt": "2025-01-01 12:30:00.123456+01",
    "name": "test",
    "productId": 82,
  },
  {
    "createdAt": "2025-01-01 12:30:00.123456+01",
    "name": "test",
    "productId": 83,
  },
  {
    "createdAt": "2025-01-01 12:30:00.123456+01",
    "name": "test",
    "productId": 84,
  },
  {
    "createdAt": "2025-01-01 12:30:00.123456+01",
    "name": "test",
    "productId": 85,
  },
  {
    "createdAt": "2025-01-01 12:30:00.123456+01",
    "name": "test",
    "productId": 86,
  },
  {
    "createdAt": "2025-01-01 12:30:00.123456+01",
    "name": "test",
    "productId": 87,
  },
  {
    "createdAt": "2025-01-01 12:30:00.123456+01",
    "name": "test",
    "productId": 88,
  },
  {
    "createdAt": "2025-01-01 12:30:00.123456+01",
    "name": "test",
    "productId": 89,
  },
  {
    "createdAt": "2025-01-01 12:30:00.123456+01",
    "name": "test",
    "productId": 90,
  },
  {
    "createdAt": "2025-01-01 12:30:00.123456+01",
    "name": "test",
    "productId": 91,
  },
  {
    "createdAt": "2025-01-01 12:30:00.123456+01",
    "name": "test",
    "productId": 92,
  },
  {
    "createdAt": "2025-01-01 12:30:00.123456+01",
    "name": "test",
    "productId": 93,
  },
  {
    "createdAt": "2025-01-01 12:30:00.123456+01",
    "name": "test",
    "productId": 94,
  },
  {
    "createdAt": "2025-01-01 12:30:00.123456+01",
    "name": "test",
    "productId": 95,
  },
  {
    "createdAt": "2025-01-01 12:30:00.123456+01",
    "name": "test",
    "productId": 96,
  },
  {
    "createdAt": "2025-01-01 12:30:00.123456+01",
    "name": "test",
    "productId": 97,
  },
  {
    "createdAt": "2025-01-01 12:30:00.123456+01",
    "name": "test",
    "productId": 98,
  },
  {
    "createdAt": "2025-01-01 12:30:00.123456+01",
    "name": "test",
    "productId": 99,
  },
]
`;

exports[`DuckDBAsyncDatasource e2e > query > should return expected meta 1`] = `
[
  {
    "affectedRows": 90,
    "params": [
      "test",
      10,
      99,
      "2025-01-22T23:22:59.089Z",
    ],
    "sql": "

      WITH products(productId, createdAt)
          AS MATERIALIZED (
               FROM RANGE(1,100) SELECT 
               range::INT,
               TIMESTAMPTZ '2025-01-01 12:30:00.123456789+01:00'
          )
      
      SELECT productId, 
             $1 as name,
             createdAt
             
      FROM products 
      WHERE productId BETWEEN $2::INTEGER AND $3::INTEGER
      AND createdAt < $4::TIMESTAMPTZ
    ",
    "timeMs": 1.6006849999999986,
    "type": "sql",
  },
]
`;
