// Vitest Snapshot v1, https://vitest.dev/guide/snapshot.html

exports[`Datasource sqlserver > Kysely raw queries > 02. basicQuery with params 1`] = `
{
  "data": [
    {
      "one": 1,
    },
  ],
  "meta": {
    "affectedRows": 1,
    "query": {
      "params": [
        1,
        "Hello",
      ],
      "sql": "
          SELECT 1 as one
          WHERE 1 = @1
          AND 'Hello' like @2
      ",
    },
    "timeMs": 0.1,
  },
}
`;

exports[`Datasource sqlserver > Kysely select queries > basicQuery with params 1`] = `
{
  "data": [],
  "meta": {
    "affectedRows": 0,
    "query": {
      "params": [],
      "sql": "select "b"."id", "b"."name" from "brand" as "b"",
    },
    "timeMs": 0.1,
  },
}
`;
